✔ [2/23] Built Lean4CheckerTests.PrivateConflictA (97ms)
✔ [3/23] Built Lean4CheckerTests.PrivateConflictA2 (76ms)
✔ [4/23] Built Lean4CheckerTests.PrivateConflictB (86ms)
✔ [5/23] Built Lean4CheckerTests.PrivateConflictB2 (84ms)
✔ [6/23] Built Lean4CheckerTests.PrivateConflictC (88ms)
✔ [7/23] Built Lean4Checker (341ms)
✔ [8/23] Built Lean4Checker.Lean (439ms)
✔ [9/23] Built Lean4CheckerTests (402ms)
✔ [10/23] Built Lean4Checker.Lean:c.o (121ms)
✔ [11/23] Built Lean4CheckerTests.TestDriver (644ms)
✔ [12/23] Built Lean4Checker.Replay (992ms)
✔ [14/23] Built Lean4CheckerTests.AddFalse (909ms)
✔ [15/23] Built Lean4CheckerTests.OpenPrivate (1.2s)
✔ [16/23] Built Main (1.2s)
✔ [17/23] Built Lean4Checker.Replay:c.o (1.4s)
✔ [18/23] Built Lean4CheckerTests.AddFalseConstructor (1.4s)
✔ [19/23] Built Lean4CheckerTests.ReplaceAxiom (1.7s)
ℹ [20/23] Built Lean4CheckerTests.QuotEq (2.1s)
info: Lean4CheckerTests/QuotEq.lean:17:0: Constants to replay: 4
Replay succeeded!
✔ [22/23] Built Main:c.o (1.3s)
✔ [23/23] Built lean4checker:exe (3.5s)
Build completed successfully (23 jobs).
