✔ [2/23] Built Lean4CheckerTests.PrivateConflictA (79ms)
✔ [3/23] Built Lean4CheckerTests.PrivateConflictB (81ms)
✔ [4/23] Built Lean4CheckerTests.PrivateConflictA2 (82ms)
✔ [5/23] Built Lean4CheckerTests.PrivateConflictB2 (102ms)
✔ [6/23] Built Lean4CheckerTests.PrivateConflictC (96ms)
✔ [7/23] Built Lean4Checker (392ms)
✔ [8/23] Built Lean4CheckerTests (357ms)
✔ [9/23] Built Lean4Checker.Lean (468ms)
✔ [10/23] Built Lean4Checker.Lean:c.o (116ms)
✔ [11/23] Built Lean4CheckerTests.TestDriver (644ms)
✔ [12/23] Built Lean4Checker.Replay (983ms)
✔ [14/23] Built Lean4CheckerTests.AddFalse (912ms)
✔ [15/23] Built Lean4CheckerTests.OpenPrivate (1.2s)
✔ [16/23] Built Main (1.2s)
✔ [17/23] Built Lean4Checker.Replay:c.o (1.4s)
✔ [18/23] Built Lean4CheckerTests.AddFalseConstructor (1.5s)
✔ [19/23] Built Lean4CheckerTests.ReplaceAxiom (1.7s)
ℹ [20/23] Built Lean4CheckerTests.QuotEq (2.0s)
info: Lean4CheckerTests/QuotEq.lean:17:0: Constants to replay: 4
Replay succeeded!
✔ [22/23] Built Main:c.o (1.3s)
✔ [23/23] Built lean4checker:exe (3.3s)
Build completed successfully (23 jobs).
